// Jest Snapshot v1, https://goo.gl/fbAQLP

exports[`Testing navigation should load navigation  1`] = `
<Dashboard
  chart={<InvestmentsChart />}
  chartTitle=" Inversiones en los últimos 6 meses"
  items={
    Array [
      Object {
        "description": "Proyectos Financiados",
        "icon": <Memo
          fontSize="large"
        />,
        "number": "4",
        "path": "/",
      },
      Object {
        "description": "Capital invertido",
        "icon": <Memo
          fontSize="large"
        />,
        "number": "3.5M",
        "path": "/dashboard",
      },
      Object {
        "description": "Oportunidades de inversión ",
        "icon": <Memo
          fontSize="large"
        />,
        "number": "1000",
        "path": "/",
      },
      Object {
        "description": "Proyectos guardados",
        "icon": <Memo
          fontSize="large"
        />,
        "number": "2",
        "path": "/",
      },
    ]
  }
  projects={
    Array [
      Object {
        "finance": Object {
          "startDate": "10/03/2021",
          "valuation": 20000000,
          "value": 15000000,
        },
        "image": "https://www.binarias.org/wp-content/uploads/2020/12/tegnologia.jpeg",
        "name": "Proyecto 1",
      },
      Object {
        "finance": Object {
          "startDate": "12/02/2021",
          "valuation": 17500000,
          "value": 10000000,
        },
        "image": "https://s3-us-west-2.amazonaws.com/wp-mpro-blog/wp-content/uploads/2016/03/14133959/s3-blog-tecnologia-como-prioridad-min.png",
        "name": "Proyecto 2",
      },
      Object {
        "finance": Object {
          "startDate": "21/01/2021",
          "valuation": 12000000,
          "value": 8000000,
        },
        "image": "https://thelogisticsworld.com/wp-content/uploads/2020/02/empresario-analizando-informe-financiero-empresa-graficos-realidad-aumentada_34141-360.jpg",
        "name": "Proyecto 3",
      },
    ]
  }
  projectsTitle="Oportunidades de inversión"
/>
`;
