// Jest Snapshot v1, https://goo.gl/fbAQLP

exports[`Testing menu items should load menu items 1`] = `
<WithStyles(ForwardRef(List))
  component="nav"
>
  <WithStyles(ForwardRef(ListItem))
    button={true}
    className="makeStyles-mainColor-4"
    key="Nuevo proyecto"
    onClick={[Function]}
  >
    <WithStyles(ForwardRef(ListItemIcon))
      className="makeStyles-mainColor-4"
    >
      <Memo([object Object]) />
    </WithStyles(ForwardRef(ListItemIcon))>
    <WithStyles(ForwardRef(ListItemText))
      primary="Nuevo proyecto"
    />
  </WithStyles(ForwardRef(ListItem))>
  <WithStyles(ForwardRef(ListItem))
    button={true}
    className="makeStyles-mainColor-4"
    key="Mis proyectos"
    onClick={[Function]}
  >
    <WithStyles(ForwardRef(ListItemIcon))
      className="makeStyles-mainColor-4"
    >
      <Memo([object Object]) />
    </WithStyles(ForwardRef(ListItemIcon))>
    <WithStyles(ForwardRef(ListItemText))
      primary="Mis proyectos"
    />
  </WithStyles(ForwardRef(ListItem))>
  <WithStyles(ForwardRef(ListItem))
    button={true}
    className="makeStyles-mainColor-4"
    key="Buscar proyectos"
    onClick={[Function]}
  >
    <WithStyles(ForwardRef(ListItemIcon))
      className="makeStyles-mainColor-4"
    >
      <Memo([object Object]) />
    </WithStyles(ForwardRef(ListItemIcon))>
    <WithStyles(ForwardRef(ListItemText))
      primary="Buscar proyectos"
    />
  </WithStyles(ForwardRef(ListItem))>
  <WithStyles(ForwardRef(ListItem))
    button={true}
    className="makeStyles-mainColor-4"
    key="Comunicarse con un asesor"
    onClick={[Function]}
  >
    <WithStyles(ForwardRef(ListItemIcon))
      className="makeStyles-mainColor-4"
    >
      <Memo([object Object]) />
    </WithStyles(ForwardRef(ListItemIcon))>
    <WithStyles(ForwardRef(ListItemText))
      primary="Comunicarse con un asesor"
    />
  </WithStyles(ForwardRef(ListItem))>
</WithStyles(ForwardRef(List))>
`;
