// Jest Snapshot v1, https://goo.gl/fbAQLP

exports[`Testing menu drawer should load menu drawer 1`] = `
<WithStyles(ForwardRef(Drawer))
  anchor="left"
  className="makeStyles-drawer-7"
  classes={
    Object {
      "paper": "makeStyles-drawerPaper-8",
    }
  }
  onClose={[MockFunction]}
  open={true}
>
  <div
    className="makeStyles-menuHeader-9"
    style={
      Object {
        "alignItems": "center",
        "display": "flex",
      }
    }
  >
    <img
      alt=""
      src=""
    />
    <WithStyles(ForwardRef(Typography))
      style={
        Object {
          "paddingLeft": "20px",
        }
      }
    />
  </div>
  <MenuItems
    userType="Entrepreneur"
  />
</WithStyles(ForwardRef(Drawer))>
`;
