// Jest Snapshot v1, https://goo.gl/fbAQLP

exports[`Testing card project should load CardProject 1`] = `
<WithStyles(ForwardRef(Card))
  className="makeStyles-sizeCard-1"
>
  <WithStyles(ForwardRef(CardHeader))
    avatar={
      <WithStyles(ForwardRef(Avatar))
        aria-label="photo"
        src="https://images.unsplash.com/photo-1619537765439-1469ac26014a?ixid=MnwxMjA3fDF8MHxwaG90by1wYWdlfHx8fGVufDB8fHx8&ixlib=rb-1.2.1&auto=format&fit=crop&w=1400&q=80"
      />
    }
    subheader={
      Object {
        "$date": "2019-02-16T05:00:00.000Z",
      }
    }
    title="Nombre de usuario"
  />
  <WithStyles(ForwardRef(CardMedia))
    alt="Project image"
    component="img"
    height="210"
    image="https://images.unsplash.com/photo-1619537765439-1469ac26014a?ixid=MnwxMjA3fDF8MHxwaG90by1wYWdlfHx8fGVufDB8fHx8&ixlib=rb-1.2.1&auto=format&fit=crop&w=1400&q=80"
  />
  <WithStyles(ForwardRef(CardContent))>
    <WithStyles(ForwardRef(Typography))
      component="h2"
      gutterBottom={true}
      variant="h5"
    >
      Beach & talk
    </WithStyles(ForwardRef(Typography))>
    <WithStyles(ForwardRef(Typography))
      component="p"
      variant="body2"
    >
      $ 
      50000
       Meta de financiación
    </WithStyles(ForwardRef(Typography))>
    <Styled(MuiBox)
      display="inline-flex"
      mt={2}
      position="relative"
    >
      <Styled(MuiBox)
        mr={5}
      >
        <Styled(MuiBox)
          display="inline-flex"
          position="relative"
        >
          <WithStyles(ForwardRef(Avatar))
            className="makeStyles-avatar-3"
          >
            <Memo([object Object]) />
          </WithStyles(ForwardRef(Avatar))>
        </Styled(MuiBox)>
        <WithStyles(ForwardRef(Typography))>
           Financiado 
        </WithStyles(ForwardRef(Typography))>
        <WithStyles(ForwardRef(Typography))
          className="makeStyles-mainColor-2"
        >
           $ 
          10000
        </WithStyles(ForwardRef(Typography))>
      </Styled(MuiBox)>
      <Styled(MuiBox)
        mr={5}
      >
        <ProgressGraph
          progress={20}
        />
        <WithStyles(ForwardRef(Typography))>
           Progreso 
        </WithStyles(ForwardRef(Typography))>
      </Styled(MuiBox)>
    </Styled(MuiBox)>
  </WithStyles(ForwardRef(CardContent))>
</WithStyles(ForwardRef(Card))>
`;
