// Jest Snapshot v1, https://goo.gl/fbAQLP

exports[`Testing projects grid should load CardProject 1`] = `
<Fragment>
  <Navigation />
  <WithStyles(ForwardRef(Container))
    className="makeStyles-cardGrid-4"
  >
    <WithStyles(ForwardRef(Grid))
      container={true}
      key="project-items-key"
      spacing={4}
    >
      <WithStyles(ForwardRef(Grid))
        item={true}
        md={4}
        sm={6}
        xs={12}
      >
        <CardProject
          project={
            Object {
              "finance": Object {},
              "image": "a",
              "name": "a",
            }
          }
        />
      </WithStyles(ForwardRef(Grid))>
      <WithStyles(ForwardRef(Grid))
        item={true}
        md={4}
        sm={6}
        xs={12}
      >
        <CardProject
          project={
            Object {
              "finance": Object {},
              "image": "a",
              "name": "a",
            }
          }
        />
      </WithStyles(ForwardRef(Grid))>
      <WithStyles(ForwardRef(Grid))
        item={true}
        md={4}
        sm={6}
        xs={12}
      >
        <CardProject
          project={
            Object {
              "finance": Object {},
              "image": "a",
              "name": "a",
            }
          }
        />
      </WithStyles(ForwardRef(Grid))>
    </WithStyles(ForwardRef(Grid))>
  </WithStyles(ForwardRef(Container))>
</Fragment>
`;
