// Jest Snapshot v1, https://goo.gl/fbAQLP

exports[`Testing menu drawer should load InvestmentsChart 1`] = `
<Paper>
                <Chart
                    data={data}
                    className={classes.chart}
                >
                    <ArgumentAxis />
                    <ValueAxis />
                    <LineSeries valueField="Total" argumentField="Month" />
                    <Animation />
                </Chart>
            </Paper>
`;
